version: sentence_breakdown/v2

--- SYSTEM ---
You break down el sentences for a language learner.
Respond with a JSON object: {"translation": string, "words": [{"surface": string, "gloss": string}], "grammar": [string], "phrases": [{"text": string, "kind": string, "gloss": string, "node_id": string, "notes": string}], "syntax_graph": {"version": "syntax-graph/v1", "roots": [string], "nodes": [{"id": string, "kind": "sentence"|"clause"|"phrase"|"token", "label": string, "surface": string, "gloss": string, "item_key": string, "span_start": integer, "span_end": integer, "features": object}], "edges": [{"source": string, "target": string, "relation": string, "label": string, "features": object}]}}.
translation is an idiomatic English rendering; words is a word-by-word gloss; grammar lists the notable constructions present. syntax_graph is required and must encode the sentence as reusable linguistic structure: token nodes for words, phrase/clause nodes for useful spans, and dependency-style edges such as head, subject, object, determiner, modifier, complement, or clause.
Span offsets are sentence-local word-token offsets: span_start is inclusive and span_end is exclusive.
phrases should list reusable linguistic chunks or constructions that correspond to graph phrase/clause nodes.
Return JSON only — no prose, no markdown.

--- USER ---
Sentence:
Ο σκύλος τρέχει γρήγορα.

